// Jest Snapshot v1, https://goo.gl/fbAQLP

exports[`Nordigen get accounts details 1`] = `
{
  "data": {
    "account_selection": false,
    "accounts": ArrayContaining [
      ObjectContaining {
        "account_id": Any<String>,
        "institution": {
          "bic": "SFIN0000",
          "countries": [
            "XX",
          ],
          "id": "SANDBOXFINANCE_SFIN0000",
          "logo": "https://cdn.nordigen.com/ais/SANDBOXFINANCE_SFIN0000.png",
          "name": "Sandbox Finance",
          "supported_features": [],
          "supported_payments": {},
          "transaction_total_days": "90",
        },
        "mask": StringMatching /\\\\d\\{4\\}/,
        "name": StringMatching /Main Account \\\\\\(XXX \\\\d\\{4\\}\\\\\\)/,
        "official_name": Any<String>,
        "type": "checking",
      },
    ],
    "agreement": Any<String>,
    "created": Any<String>,
    "id": Any<String>,
    "institution_id": "SANDBOXFINANCE_SFIN0000",
    "link": Any<String>,
    "redirect": "http://localhost:3001/nordigen/link",
    "redirect_immediate": false,
    "reference": Any<String>,
    "ssn": null,
    "status": "LN",
  },
  "status": "ok",
}
`;

exports[`Nordigen get transactions 1`] = `
{
  "data": {
    "balances": [
      {
        "balanceAmount": {
          "amount": Any<String>,
          "currency": "EUR",
        },
        "balanceType": "expected",
        "referenceDate": Any<String>,
      },
      {
        "balanceAmount": {
          "amount": Any<String>,
          "currency": "EUR",
        },
        "balanceType": "interimAvailable",
        "referenceDate": Any<String>,
      },
    ],
    "institutionId": "SANDBOXFINANCE_SFIN0000",
    "startingBalance": Any<Number>,
    "transactions": {
      "booked": ArrayContaining [
        ObjectContaining {
          "bookingDate": Any<String>,
          "remittanceInformationUnstructured": Any<String>,
          "transactionAmount": {
            "amount": Any<String>,
            "currency": "EUR",
          },
          "transactionId": Any<String>,
          "valueDate": Any<String>,
        },
      ],
      "pending": ArrayContaining [
        ObjectContaining {
          "remittanceInformationUnstructured": Any<String>,
          "transactionAmount": {
            "amount": Any<String>,
            "currency": "EUR",
          },
          "valueDate": Any<String>,
        },
      ],
    },
  },
  "status": "ok",
}
`;

exports[`Nordigen remove requisition 1`] = `
{
  "data": {
    "detail": Any<String>,
    "summary": "Requisition deleted",
  },
  "status": "ok",
}
`;
