// Jest Snapshot v1, https://goo.gl/fbAQLP

exports[`Nordigen get accounts details 1`] = `
{
  "data": {
    "account_selection": false,
    "accounts": ArrayContaining [
      ObjectContaining {
        "account_id": Any<String>,
        "institution": {
          "bic": "SFIN0000",
          "countries": [
            "XX",
          ],
          "id": "SANDBOXFINANCE_SFIN0000",
          "logo": "https://cdn.nordigen.com/ais/SANDBOXFINANCE_SFIN0000.png",
          "name": "Sandbox Finance",
          "supported_features": [],
          "supported_payments": {},
          "transaction_total_days": "90",
        },
        "mask": StringMatching /\\\\d\\{4\\}/,
        "name": StringMatching /Main Account \\\\\\(XXX \\\\d\\{4\\}\\\\\\)/,
        "official_name": Any<String>,
        "type": "checking",
      },
    ],
    "agreement": Any<String>,
    "created": Any<String>,
    "id": Any<String>,
    "institution_id": "SANDBOXFINANCE_SFIN0000",
    "link": Any<String>,
    "redirect": "http://localhost:3001/nordigen/link",
    "redirect_immediate": false,
    "reference": Any<String>,
    "ssn": null,
    "status": "LN",
  },
  "status": "ok",
}
`;

exports[`Nordigen get transactions 1`] = `
{
  "data": {
    "institutionId": "SANDBOXFINANCE_SFIN0000",
    "transactions": {
      "booked": [],
      "pending": [],
    },
  },
  "status": "ok",
}
`;

exports[`Nordigen remove requisition 1`] = `
{
  "data": {
    "detail": Any<String>,
    "summary": "Requisition deleted",
  },
  "status": "ok",
}
`;
